========================================================================================================================
ERROR LOG - 2025-12-11 12:31:12
Context: recruiter_signup_route
Total Errors: 1
========================================================================================================================

+---------------------+----------------------+------------------+---------------+----------------------------+
| Timestamp           | Stage                | Function         | Error Type    | Message                    |
+=====================+======================+==================+===============+============================+
| 2025-12-11 12:31:12 | recruiter_signup_rou | recruiter_signup | HTTPException | 500: Internal server error |
+---------------------+----------------------+------------------+---------------+----------------------------+

========================================================================================================================
DETAILED STACK TRACES
========================================================================================================================

Function: recruiter_signup
Error: HTTPException: 500: Internal server error
--------------------------------------------------------------------------------
Traceback (most recent call last):
  File "C:\Users\nouma\Desktop\new project\core_services\app\routes\recruiter_routes.py", line 25, in recruiter_signup
    "recruiter_id": recruiter.id
                    ^^^^^^^^^^^^
AttributeError: 'Recruiter' object has no attribute 'id'

During handling of the above exception, another exception occurred:

Traceback (most recent call last):
  File "C:\Users\nouma\Desktop\new project\core_services\app\shared\helper\error_logger.py", line 139, in sync_wrapper
    return func(*args, **kwargs)
           ^^^^^^^^^^^^^^^^^^^^^
  File "C:\Users\nouma\Desktop\new project\core_services\app\routes\recruiter_routes.py", line 32, in recruiter_signup
    raise HTTPException(500, detail="Internal server error")
fastapi.exceptions.HTTPException: 500: Internal server error

========================================================================================================================

