========================================================================================================================
ERROR LOG - 2025-12-11 12:30:50
Context: recruiter_signup_route
Total Errors: 1
========================================================================================================================

+---------------------+----------------------+------------------+---------------+------------------------------+
| Timestamp           | Stage                | Function         | Error Type    | Message                      |
+=====================+======================+==================+===============+==============================+
| 2025-12-11 12:30:50 | recruiter_signup_rou | recruiter_signup | HTTPException | 400: Username already exists |
+---------------------+----------------------+------------------+---------------+------------------------------+

========================================================================================================================
DETAILED STACK TRACES
========================================================================================================================

Function: recruiter_signup
Error: HTTPException: 400: Username already exists
--------------------------------------------------------------------------------
Traceback (most recent call last):
  File "C:\Users\nouma\Desktop\new project\core_services\app\routes\recruiter_routes.py", line 21, in recruiter_signup
    recruiter = recruiter_signup_service(db, data)
                ^^^^^^^^^^^^^^^^^^^^^^^^^^^^^^^^^^
  File "C:\Users\nouma\Desktop\new project\core_services\app\shared\helper\error_logger.py", line 139, in sync_wrapper
    return func(*args, **kwargs)
           ^^^^^^^^^^^^^^^^^^^^^
  File "C:\Users\nouma\Desktop\new project\core_services\app\services\recruiter_services.py", line 17, in recruiter_signup_service
    raise ValueError("Username already exists")
ValueError: Username already exists

During handling of the above exception, another exception occurred:

Traceback (most recent call last):
  File "C:\Users\nouma\Desktop\new project\core_services\app\shared\helper\error_logger.py", line 139, in sync_wrapper
    return func(*args, **kwargs)
           ^^^^^^^^^^^^^^^^^^^^^
  File "C:\Users\nouma\Desktop\new project\core_services\app\routes\recruiter_routes.py", line 29, in recruiter_signup
    raise HTTPException(400, detail=str(ve))
fastapi.exceptions.HTTPException: 400: Username already exists

========================================================================================================================

